// Vitest Snapshot v1, https://vitest.dev/guide/snapshot.html

exports[`Footer component render 1`] = `
{
  "asFragment": [Function],
  "baseElement": <body>
    <div>
      <div
        class="css-1mkcx3b"
      >
        <div
          class="chakra-stack chakra-container css-1tm660j"
        >
          <div
            class="chakra-stack css-1igwmid"
          >
            <b
              class="chakra-text css-0"
            >
              Nextjs App
            </b>
          </div>
          <button
            class="chakra-button css-4xx2wk"
            type="button"
          >
            <svg
              class="chakra-icon css-onkibi"
              focusable="false"
              viewBox="0 0 24 24"
            >
              <g
                fill="none"
                stroke="currentColor"
                stroke-linecap="round"
                stroke-linejoin="round"
                stroke-width="2"
              >
                <circle
                  cx="12"
                  cy="12"
                  r="5"
                />
                <path
                  d="M12 1v2"
                />
                <path
                  d="M12 21v2"
                />
                <path
                  d="M4.22 4.22l1.42 1.42"
                />
                <path
                  d="M18.36 18.36l1.42 1.42"
                />
                <path
                  d="M1 12h2"
                />
                <path
                  d="M21 12h2"
                />
                <path
                  d="M4.22 19.78l1.42-1.42"
                />
                <path
                  d="M18.36 5.64l1.42-1.42"
                />
              </g>
            </svg>
          </button>
        </div>
      </div>
    </div>
  </body>,
  "container": <div>
    <div
      class="css-1mkcx3b"
    >
      <div
        class="chakra-stack chakra-container css-1tm660j"
      >
        <div
          class="chakra-stack css-1igwmid"
        >
          <b
            class="chakra-text css-0"
          >
            Nextjs App
          </b>
        </div>
        <button
          class="chakra-button css-4xx2wk"
          type="button"
        >
          <svg
            class="chakra-icon css-onkibi"
            focusable="false"
            viewBox="0 0 24 24"
          >
            <g
              fill="none"
              stroke="currentColor"
              stroke-linecap="round"
              stroke-linejoin="round"
              stroke-width="2"
            >
              <circle
                cx="12"
                cy="12"
                r="5"
              />
              <path
                d="M12 1v2"
              />
              <path
                d="M12 21v2"
              />
              <path
                d="M4.22 4.22l1.42 1.42"
              />
              <path
                d="M18.36 18.36l1.42 1.42"
              />
              <path
                d="M1 12h2"
              />
              <path
                d="M21 12h2"
              />
              <path
                d="M4.22 19.78l1.42-1.42"
              />
              <path
                d="M18.36 5.64l1.42-1.42"
              />
            </g>
          </svg>
        </button>
      </div>
    </div>
  </div>,
  "debug": [Function],
  "findAllByAltText": [Function],
  "findAllByDisplayValue": [Function],
  "findAllByLabelText": [Function],
  "findAllByPlaceholderText": [Function],
  "findAllByRole": [Function],
  "findAllByTestId": [Function],
  "findAllByText": [Function],
  "findAllByTitle": [Function],
  "findByAltText": [Function],
  "findByDisplayValue": [Function],
  "findByLabelText": [Function],
  "findByPlaceholderText": [Function],
  "findByRole": [Function],
  "findByTestId": [Function],
  "findByText": [Function],
  "findByTitle": [Function],
  "getAllByAltText": [Function],
  "getAllByDisplayValue": [Function],
  "getAllByLabelText": [Function],
  "getAllByPlaceholderText": [Function],
  "getAllByRole": [Function],
  "getAllByTestId": [Function],
  "getAllByText": [Function],
  "getAllByTitle": [Function],
  "getByAltText": [Function],
  "getByDisplayValue": [Function],
  "getByLabelText": [Function],
  "getByPlaceholderText": [Function],
  "getByRole": [Function],
  "getByTestId": [Function],
  "getByText": [Function],
  "getByTitle": [Function],
  "queryAllByAltText": [Function],
  "queryAllByDisplayValue": [Function],
  "queryAllByLabelText": [Function],
  "queryAllByPlaceholderText": [Function],
  "queryAllByRole": [Function],
  "queryAllByTestId": [Function],
  "queryAllByText": [Function],
  "queryAllByTitle": [Function],
  "queryByAltText": [Function],
  "queryByDisplayValue": [Function],
  "queryByLabelText": [Function],
  "queryByPlaceholderText": [Function],
  "queryByRole": [Function],
  "queryByTestId": [Function],
  "queryByText": [Function],
  "queryByTitle": [Function],
  "rerender": [Function],
  "unmount": [Function],
}
`;

exports[`Nav component render 1`] = `
{
  "asFragment": [Function],
  "baseElement": <body>
    <div>
      <div
        class="css-1mkcx3b"
      >
        <div
          class="chakra-stack chakra-container css-1tm660j"
        >
          <div
            class="chakra-stack css-1igwmid"
          >
            <b
              class="chakra-text css-0"
            >
              Nextjs App
            </b>
          </div>
          <button
            class="chakra-button css-4xx2wk"
            type="button"
          >
            <svg
              class="chakra-icon css-onkibi"
              focusable="false"
              viewBox="0 0 24 24"
            >
              <g
                fill="none"
                stroke="currentColor"
                stroke-linecap="round"
                stroke-linejoin="round"
                stroke-width="2"
              >
                <circle
                  cx="12"
                  cy="12"
                  r="5"
                />
                <path
                  d="M12 1v2"
                />
                <path
                  d="M12 21v2"
                />
                <path
                  d="M4.22 4.22l1.42 1.42"
                />
                <path
                  d="M18.36 18.36l1.42 1.42"
                />
                <path
                  d="M1 12h2"
                />
                <path
                  d="M21 12h2"
                />
                <path
                  d="M4.22 19.78l1.42-1.42"
                />
                <path
                  d="M18.36 5.64l1.42-1.42"
                />
              </g>
            </svg>
          </button>
        </div>
      </div>
    </div>
  </body>,
  "container": <div>
    <div
      class="css-1mkcx3b"
    >
      <div
        class="chakra-stack chakra-container css-1tm660j"
      >
        <div
          class="chakra-stack css-1igwmid"
        >
          <b
            class="chakra-text css-0"
          >
            Nextjs App
          </b>
        </div>
        <button
          class="chakra-button css-4xx2wk"
          type="button"
        >
          <svg
            class="chakra-icon css-onkibi"
            focusable="false"
            viewBox="0 0 24 24"
          >
            <g
              fill="none"
              stroke="currentColor"
              stroke-linecap="round"
              stroke-linejoin="round"
              stroke-width="2"
            >
              <circle
                cx="12"
                cy="12"
                r="5"
              />
              <path
                d="M12 1v2"
              />
              <path
                d="M12 21v2"
              />
              <path
                d="M4.22 4.22l1.42 1.42"
              />
              <path
                d="M18.36 18.36l1.42 1.42"
              />
              <path
                d="M1 12h2"
              />
              <path
                d="M21 12h2"
              />
              <path
                d="M4.22 19.78l1.42-1.42"
              />
              <path
                d="M18.36 5.64l1.42-1.42"
              />
            </g>
          </svg>
        </button>
      </div>
    </div>
  </div>,
  "debug": [Function],
  "findAllByAltText": [Function],
  "findAllByDisplayValue": [Function],
  "findAllByLabelText": [Function],
  "findAllByPlaceholderText": [Function],
  "findAllByRole": [Function],
  "findAllByTestId": [Function],
  "findAllByText": [Function],
  "findAllByTitle": [Function],
  "findByAltText": [Function],
  "findByDisplayValue": [Function],
  "findByLabelText": [Function],
  "findByPlaceholderText": [Function],
  "findByRole": [Function],
  "findByTestId": [Function],
  "findByText": [Function],
  "findByTitle": [Function],
  "getAllByAltText": [Function],
  "getAllByDisplayValue": [Function],
  "getAllByLabelText": [Function],
  "getAllByPlaceholderText": [Function],
  "getAllByRole": [Function],
  "getAllByTestId": [Function],
  "getAllByText": [Function],
  "getAllByTitle": [Function],
  "getByAltText": [Function],
  "getByDisplayValue": [Function],
  "getByLabelText": [Function],
  "getByPlaceholderText": [Function],
  "getByRole": [Function],
  "getByTestId": [Function],
  "getByText": [Function],
  "getByTitle": [Function],
  "queryAllByAltText": [Function],
  "queryAllByDisplayValue": [Function],
  "queryAllByLabelText": [Function],
  "queryAllByPlaceholderText": [Function],
  "queryAllByRole": [Function],
  "queryAllByTestId": [Function],
  "queryAllByText": [Function],
  "queryAllByTitle": [Function],
  "queryByAltText": [Function],
  "queryByDisplayValue": [Function],
  "queryByLabelText": [Function],
  "queryByPlaceholderText": [Function],
  "queryByRole": [Function],
  "queryByTestId": [Function],
  "queryByText": [Function],
  "queryByTitle": [Function],
  "rerender": [Function],
  "unmount": [Function],
}
`;
